2026-07-17T07:58:23.272Z|[32minfo[39m|no-correlation-id| : [32mEntering createOrUpdateConfig() with data: [39m { website_url: [32m'https://example-test.com'[39m, name: [32m'Test Project Website'[39m, pronnel_user_id: 6a59e09f9e16f710420572fb, org_id: 6a59e09f9e16f710420572fc, app_instance_id: 6a59e09f9e16f710420572fd, [[32mSymbol(level)[39m]: [32m'info'[39m, [[32mSymbol(splat)[39m]: [ { website_url: [32m'https://example-test.com'[39m, name: [32m'Test Project Website'[39m, pronnel_user_id: 6a59e09f9e16f710420572fb, org_id: 6a59e09f9e16f710420572fc, app_instance_id: 6a59e09f9e16f710420572fd } ] }
2026-07-17T07:58:23.280Z|[32minfo[39m|no-correlation-id| : [32mCreated new WebtrackerConfig in DB.[39m { [[32mSymbol(level)[39m]: [32m'info'[39m }
2026-07-17T07:58:23.282Z|[32minfo[39m|no-correlation-id| : [32mEntering trackEvent() controller.[39m { [[32mSymbol(level)[39m]: [32m'info'[39m }
2026-07-17T07:58:23.284Z|[32minfo[39m|no-correlation-id| : [32mCreated new Lead for visitor_id: test-visitor-999[39m { [[32mSymbol(level)[39m]: [32m'info'[39m }
2026-07-17T07:58:23.285Z|[32minfo[39m|no-correlation-id| : [32mEntering identifyVisitor() controller.[39m { [[32mSymbol(level)[39m]: [32m'info'[39m }
2026-07-17T07:58:23.286Z|[32minfo[39m|no-correlation-id| : [32mIdentified visitor: test-visitor-999 as Name: John Doe, Email: johndoe@example.com, Phone: +15551234567[39m { [[32mSymbol(level)[39m]: [32m'info'[39m }
2026-07-17T07:58:23.290Z|[32minfo[39m|no-correlation-id| : [32mEntering getSessionRecording() for session:[39m { [32m'0'[39m: [32m't'[39m, [32m'1'[39m: [32m'e'[39m, [32m'2'[39m: [32m's'[39m, [32m'3'[39m: [32m't'[39m, [32m'4'[39m: [32m'-'[39m, [32m'5'[39m: [32m's'[39m, [32m'6'[39m: [32m'e'[39m, [32m'7'[39m: [32m's'[39m, [32m'8'[39m: [32m's'[39m, [32m'9'[39m: [32m'i'[39m, [32m'10'[39m: [32m'o'[39m, [32m'11'[39m: [32m'n'[39m, [32m'12'[39m: [32m'-'[39m, [32m'13'[39m: [32m'7'[39m, [32m'14'[39m: [32m'7'[39m, [32m'15'[39m: [32m'7'[39m, [[32mSymbol(level)[39m]: [32m'info'[39m, [[32mSymbol(splat)[39m]: [ [32m'test-session-777'[39m ] }
2026-07-17T07:58:23.290Z|[32minfo[39m|no-correlation-id| : [32mEntering getStats() with token:[39m { [32m'0'[39m: [32m'd'[39m, [32m'1'[39m: [32m'7'[39m, [32m'2'[39m: [32m'4'[39m, [32m'3'[39m: [32m'2'[39m, [32m'4'[39m: [32m'4'[39m, [32m'5'[39m: [32m'9'[39m, [32m'6'[39m: [32m'a'[39m, [32m'7'[39m: [32m'2'[39m, [32m'8'[39m: [32m'-'[39m, [32m'9'[39m: [32m'8'[39m, [32m'10'[39m: [32m'1'[39m, [32m'11'[39m: [32m'3'[39m, [32m'12'[39m: [32m'7'[39m, [32m'13'[39m: [32m'-'[39m, [32m'14'[39m: [32m'4'[39m, [32m'15'[39m: [32m'2'[39m, [32m'16'[39m: [32m'f'[39m, [32m'17'[39m: [32m'3'[39m, [32m'18'[39m: [32m'-'[39m, [32m'19'[39m: [32m'9'[39m, [32m'20'[39m: [32m'3'[39m, [32m'21'[39m: [32m'5'[39m, [32m'22'[39m: [32m'5'[39m, [32m'23'[39m: [32m'-'[39m, [32m'24'[39m: [32m'b'[39m, [32m'25'[39m: [32m'7'[39m, [32m'26'[39m: [32m'a'[39m, [32m'27'[39m: [32m'4'[39m, [32m'28'[39m: [32m'c'[39m, [32m'29'[39m: [32m'7'[39m, [32m'30'[39m: [32m'd'[39m, [32m'31'[39m: [32m'e'[39m, [32m'32'[39m: [32m'e'[39m, [32m'33'[39m: [32m'd'[39m, [32m'34'[39m: [32m'4'[39m, [32m'35'[39m: [32m'5'[39m, [[32mSymbol(level)[39m]: [32m'info'[39m, [[32mSymbol(splat)[39m]: [ [32m'd74249a2-8137-42f3-9355-b7a4c7deed45'[39m ] }
2026-07-17T07:58:43.319Z|[32minfo[39m|no-correlation-id| : [32mEntering createOrUpdateConfig() with data: [39m { website_url: [32m'https://example-test.com'[39m, name: [32m'Test Project Website'[39m, pronnel_user_id: 6a59e0b353b2ec2ada6b4e3e, org_id: 6a59e0b353b2ec2ada6b4e3f, app_instance_id: 6a59e0b353b2ec2ada6b4e40, [[32mSymbol(level)[39m]: [32m'info'[39m, [[32mSymbol(splat)[39m]: [ { website_url: [32m'https://example-test.com'[39m, name: [32m'Test Project Website'[39m, pronnel_user_id: 6a59e0b353b2ec2ada6b4e3e, org_id: 6a59e0b353b2ec2ada6b4e3f, app_instance_id: 6a59e0b353b2ec2ada6b4e40 } ] }
2026-07-17T07:58:43.329Z|[32minfo[39m|no-correlation-id| : [32mCreated new WebtrackerConfig in DB.[39m { [[32mSymbol(level)[39m]: [32m'info'[39m }
2026-07-17T07:58:43.331Z|[32minfo[39m|no-correlation-id| : [32mEntering trackEvent() controller.[39m { [[32mSymbol(level)[39m]: [32m'info'[39m }
2026-07-17T07:58:43.333Z|[32minfo[39m|no-correlation-id| : [32mCreated new Lead for visitor_id: test-visitor-999[39m { [[32mSymbol(level)[39m]: [32m'info'[39m }
2026-07-17T07:58:43.334Z|[32minfo[39m|no-correlation-id| : [32mEntering identifyVisitor() controller.[39m { [[32mSymbol(level)[39m]: [32m'info'[39m }
2026-07-17T07:58:43.335Z|[32minfo[39m|no-correlation-id| : [32mIdentified visitor: test-visitor-999 as Name: John Doe, Email: johndoe@example.com, Phone: +15551234567[39m { [[32mSymbol(level)[39m]: [32m'info'[39m }
2026-07-17T07:58:43.338Z|[32minfo[39m|no-correlation-id| : [32mEntering getSessionRecording() for session:[39m { [32m'0'[39m: [32m't'[39m, [32m'1'[39m: [32m'e'[39m, [32m'2'[39m: [32m's'[39m, [32m'3'[39m: [32m't'[39m, [32m'4'[39m: [32m'-'[39m, [32m'5'[39m: [32m's'[39m, [32m'6'[39m: [32m'e'[39m, [32m'7'[39m: [32m's'[39m, [32m'8'[39m: [32m's'[39m, [32m'9'[39m: [32m'i'[39m, [32m'10'[39m: [32m'o'[39m, [32m'11'[39m: [32m'n'[39m, [32m'12'[39m: [32m'-'[39m, [32m'13'[39m: [32m'7'[39m, [32m'14'[39m: [32m'7'[39m, [32m'15'[39m: [32m'7'[39m, [[32mSymbol(level)[39m]: [32m'info'[39m, [[32mSymbol(splat)[39m]: [ [32m'test-session-777'[39m ] }
2026-07-17T07:58:43.339Z|[32minfo[39m|no-correlation-id| : [32mEntering getStats() with token:[39m { [32m'0'[39m: [32m'8'[39m, [32m'1'[39m: [32m'4'[39m, [32m'2'[39m: [32m'a'[39m, [32m'3'[39m: [32m'b'[39m, [32m'4'[39m: [32m'6'[39m, [32m'5'[39m: [32m'0'[39m, [32m'6'[39m: [32m'7'[39m, [32m'7'[39m: [32m'd'[39m, [32m'8'[39m: [32m'-'[39m, [32m'9'[39m: [32m'8'[39m, [32m'10'[39m: [32m'e'[39m, [32m'11'[39m: [32m'0'[39m, [32m'12'[39m: [32m'7'[39m, [32m'13'[39m: [32m'-'[39m, [32m'14'[39m: [32m'4'[39m, [32m'15'[39m: [32m'c'[39m, [32m'16'[39m: [32m'a'[39m, [32m'17'[39m: [32m'9'[39m, [32m'18'[39m: [32m'-'[39m, [32m'19'[39m: [32m'a'[39m, [32m'20'[39m: [32m'0'[39m, [32m'21'[39m: [32m'6'[39m, [32m'22'[39m: [32m'8'[39m, [32m'23'[39m: [32m'-'[39m, [32m'24'[39m: [32m'6'[39m, [32m'25'[39m: [32m'd'[39m, [32m'26'[39m: [32m'3'[39m, [32m'27'[39m: [32m'a'[39m, [32m'28'[39m: [32m'1'[39m, [32m'29'[39m: [32m'8'[39m, [32m'30'[39m: [32m'e'[39m, [32m'31'[39m: [32m'e'[39m, [32m'32'[39m: [32m'5'[39m, [32m'33'[39m: [32m'0'[39m, [32m'34'[39m: [32m'a'[39m, [32m'35'[39m: [32m'7'[39m, [[32mSymbol(level)[39m]: [32m'info'[39m, [[32mSymbol(splat)[39m]: [ [32m'84ab607d-8e07-4ca9-a068-6d3a18ee50a7'[39m ] }
2026-07-17T12:01:12.281Z|[32minfo[39m|no-correlation-id| : [32mEntering createOrUpdateConfig() with data: [39m { website_url: [32m'https://example-test.com'[39m, name: [32m'Test Project Website'[39m, pronnel_user_id: 6a5a1988e862b72882562eea, org_id: 6a5a1988e862b72882562eeb, app_instance_id: 6a5a1988e862b72882562eec, [[32mSymbol(level)[39m]: [32m'info'[39m, [[32mSymbol(splat)[39m]: [ { website_url: [32m'https://example-test.com'[39m, name: [32m'Test Project Website'[39m, pronnel_user_id: 6a5a1988e862b72882562eea, org_id: 6a5a1988e862b72882562eeb, app_instance_id: 6a5a1988e862b72882562eec } ] }
2026-07-17T12:01:12.289Z|[32minfo[39m|no-correlation-id| : [32mCreated new WebtrackerConfig in DB.[39m { [[32mSymbol(level)[39m]: [32m'info'[39m }
2026-07-17T12:01:12.290Z|[32minfo[39m|no-correlation-id| : [32mEntering trackEvent() controller.[39m { [[32mSymbol(level)[39m]: [32m'info'[39m }
2026-07-17T12:01:12.292Z|[32minfo[39m|no-correlation-id| : [32mCreated new Lead for visitor_id: test-visitor-999[39m { [[32mSymbol(level)[39m]: [32m'info'[39m }
2026-07-17T12:01:12.293Z|[32minfo[39m|no-correlation-id| : [32mEntering identifyVisitor() controller.[39m { [[32mSymbol(level)[39m]: [32m'info'[39m }
2026-07-17T12:01:12.294Z|[32minfo[39m|no-correlation-id| : [32mIdentified visitor: test-visitor-999 as Name: John Doe, Email: johndoe@example.com, Phone: +15551234567[39m { [[32mSymbol(level)[39m]: [32m'info'[39m }
2026-07-17T12:01:12.297Z|[32minfo[39m|no-correlation-id| : [32mEntering getSessionRecording() for session:[39m { [32m'0'[39m: [32m't'[39m, [32m'1'[39m: [32m'e'[39m, [32m'2'[39m: [32m's'[39m, [32m'3'[39m: [32m't'[39m, [32m'4'[39m: [32m'-'[39m, [32m'5'[39m: [32m's'[39m, [32m'6'[39m: [32m'e'[39m, [32m'7'[39m: [32m's'[39m, [32m'8'[39m: [32m's'[39m, [32m'9'[39m: [32m'i'[39m, [32m'10'[39m: [32m'o'[39m, [32m'11'[39m: [32m'n'[39m, [32m'12'[39m: [32m'-'[39m, [32m'13'[39m: [32m'7'[39m, [32m'14'[39m: [32m'7'[39m, [32m'15'[39m: [32m'7'[39m, [[32mSymbol(level)[39m]: [32m'info'[39m, [[32mSymbol(splat)[39m]: [ [32m'test-session-777'[39m ] }
2026-07-17T12:01:12.298Z|[32minfo[39m|no-correlation-id| : [32mEntering getStats() with token:[39m { [32m'0'[39m: [32m'd'[39m, [32m'1'[39m: [32m'8'[39m, [32m'2'[39m: [32m'7'[39m, [32m'3'[39m: [32m'e'[39m, [32m'4'[39m: [32m'f'[39m, [32m'5'[39m: [32m'0'[39m, [32m'6'[39m: [32m'9'[39m, [32m'7'[39m: [32m'f'[39m, [32m'8'[39m: [32m'-'[39m, [32m'9'[39m: [32m'9'[39m, [32m'10'[39m: [32m'f'[39m, [32m'11'[39m: [32m'c'[39m, [32m'12'[39m: [32m'2'[39m, [32m'13'[39m: [32m'-'[39m, [32m'14'[39m: [32m'4'[39m, [32m'15'[39m: [32m'f'[39m, [32m'16'[39m: [32m'5'[39m, [32m'17'[39m: [32m'7'[39m, [32m'18'[39m: [32m'-'[39m, [32m'19'[39m: [32m'9'[39m, [32m'20'[39m: [32m'0'[39m, [32m'21'[39m: [32m'3'[39m, [32m'22'[39m: [32m'8'[39m, [32m'23'[39m: [32m'-'[39m, [32m'24'[39m: [32m'1'[39m, [32m'25'[39m: [32m'3'[39m, [32m'26'[39m: [32m'4'[39m, [32m'27'[39m: [32m'c'[39m, [32m'28'[39m: [32m'8'[39m, [32m'29'[39m: [32m'3'[39m, [32m'30'[39m: [32m'0'[39m, [32m'31'[39m: [32m'b'[39m, [32m'32'[39m: [32m'd'[39m, [32m'33'[39m: [32m'2'[39m, [32m'34'[39m: [32m'9'[39m, [32m'35'[39m: [32m'8'[39m, [[32mSymbol(level)[39m]: [32m'info'[39m, [[32mSymbol(splat)[39m]: [ [32m'd87ef09f-9fc2-4f57-9038-134c830bd298'[39m ] }
2026-07-17T12:25:50.000Z|[32minfo[39m|no-correlation-id| : [32mEntering createOrUpdateConfig() with data: {"website_url":"https://example-test.com","name":"Test Project Website","pronnel_user_id":"6a5a1f4d6c8d20a42152377c","org_id":"6a5a1f4d6c8d20a42152377d","app_instance_id":"6a5a1f4d6c8d20a42152377e"}[39m { [[32mSymbol(level)[39m]: [32m'info'[39m }
2026-07-17T12:25:50.010Z|[32minfo[39m|no-correlation-id| : [32mCreated new WebtrackerConfig in DB.[39m { [[32mSymbol(level)[39m]: [32m'info'[39m }
2026-07-17T12:25:50.012Z|[32minfo[39m|no-correlation-id| : [32mEntering trackEvent() controller.[39m { [[32mSymbol(level)[39m]: [32m'info'[39m }
2026-07-17T12:25:50.017Z|[32minfo[39m|no-correlation-id| : [32mProcessing TrackEventJob in background for visitor: test-visitor-999, event: page_view[39m { [[32mSymbol(level)[39m]: [32m'info'[39m }
2026-07-17T12:26:00.022Z|[31merror[39m|no-correlation-id| : [31mError in trackEvent(): MongooseError: Operation `connections.findOne()` buffering timed out after 10000ms[39m { [[32mSymbol(level)[39m]: [32m'error'[39m }
2026-07-17T12:26:45.570Z|[32minfo[39m|no-correlation-id| : [32mEntering createOrUpdateConfig() with data: {"website_url":"https://example-test.com","name":"Test Project Website","pronnel_user_id":"6a5a1f854d548cdd78cb5840","org_id":"6a5a1f854d548cdd78cb5841","app_instance_id":"6a5a1f854d548cdd78cb5842"}[39m { [[32mSymbol(level)[39m]: [32m'info'[39m }
2026-07-17T12:26:45.577Z|[32minfo[39m|no-correlation-id| : [32mCreated new WebtrackerConfig in DB.[39m { [[32mSymbol(level)[39m]: [32m'info'[39m }
2026-07-17T12:26:45.578Z|[32minfo[39m|no-correlation-id| : [32mEntering trackEvent() controller.[39m { [[32mSymbol(level)[39m]: [32m'info'[39m }
2026-07-17T12:26:45.580Z|[32minfo[39m|no-correlation-id| : [32mProcessing TrackEventJob in background for visitor: test-visitor-999, event: page_view[39m { [[32mSymbol(level)[39m]: [32m'info'[39m }
2026-07-17T12:26:45.582Z|[32minfo[39m|no-correlation-id| : [32mBackground: Created new Lead for visitor_id: test-visitor-999[39m { [[32mSymbol(level)[39m]: [32m'info'[39m }
2026-07-17T12:26:45.583Z|[32minfo[39m|no-correlation-id| : [32mBackground: Event page_view saved successfully for visitor_id: test-visitor-999[39m { [[32mSymbol(level)[39m]: [32m'info'[39m }
2026-07-17T12:26:45.584Z|[32minfo[39m|no-correlation-id| : [32mEntering identifyVisitor() controller.[39m { [[32mSymbol(level)[39m]: [32m'info'[39m }
2026-07-17T12:26:45.585Z|[32minfo[39m|no-correlation-id| : [32mProcessing IdentifyVisitorJob in background for visitor: test-visitor-999[39m { [[32mSymbol(level)[39m]: [32m'info'[39m }
2026-07-17T12:26:45.586Z|[32minfo[39m|no-correlation-id| : [32mBackground: Identified visitor: test-visitor-999 as Name: John Doe, Email: johndoe@example.com, Phone: +15551234567[39m { [[32mSymbol(level)[39m]: [32m'info'[39m }
2026-07-17T12:26:45.587Z|[32minfo[39m|no-correlation-id| : [32mBackground: Identity event saved successfully for visitor_id: test-visitor-999[39m { [[32mSymbol(level)[39m]: [32m'info'[39m }
2026-07-17T12:26:45.588Z|[32minfo[39m|no-correlation-id| : [32mProcessing SaveSessionRecordingJob in background for session: test-session-777[39m { [[32mSymbol(level)[39m]: [32m'info'[39m }
2026-07-17T12:26:45.589Z|[32minfo[39m|no-correlation-id| : [32mBackground: Session recording chunk saved/appended successfully for session: test-session-777[39m { [[32mSymbol(level)[39m]: [32m'info'[39m }
2026-07-17T12:26:45.590Z|[32minfo[39m|no-correlation-id| : [32mProcessing SaveSessionRecordingJob in background for session: test-session-777[39m { [[32mSymbol(level)[39m]: [32m'info'[39m }
2026-07-17T12:26:45.590Z|[32minfo[39m|no-correlation-id| : [32mBackground: Session recording chunk saved/appended successfully for session: test-session-777[39m { [[32mSymbol(level)[39m]: [32m'info'[39m }
2026-07-17T12:26:45.591Z|[32minfo[39m|no-correlation-id| : [32mEntering getSessionRecording() for session: test-session-777[39m { [[32mSymbol(level)[39m]: [32m'info'[39m }
2026-07-17T12:26:45.591Z|[32minfo[39m|no-correlation-id| : [32mEntering getStats() with token: 08a3dbf8-37cb-4262-91dc-5acafea8dfd0[39m { [[32mSymbol(level)[39m]: [32m'info'[39m }
2026-07-17T12:34:27.692Z|[32minfo[39m|no-correlation-id| : [32mEntering createOrUpdateConfig() with data: {"website_url":"https://example-test.com","name":"Test Project Website","pronnel_user_id":"6a5a2153ac60e3b3022a5a37","org_id":"6a5a2153ac60e3b3022a5a38","app_instance_id":"6a5a2153ac60e3b3022a5a39"}[39m { [[32mSymbol(level)[39m]: [32m'info'[39m }
2026-07-17T12:34:27.700Z|[32minfo[39m|no-correlation-id| : [32mCreated new WebtrackerConfig in DB.[39m { [[32mSymbol(level)[39m]: [32m'info'[39m }
2026-07-17T12:34:27.701Z|[32minfo[39m|no-correlation-id| : [32mEntering trackEvent() controller.[39m { [[32mSymbol(level)[39m]: [32m'info'[39m }
2026-07-17T12:34:27.704Z|[32minfo[39m|no-correlation-id| : [32mProcessing TrackEventJob in background for visitor: test-visitor-999, event: page_view[39m { [[32mSymbol(level)[39m]: [32m'info'[39m }
2026-07-17T12:34:27.706Z|[32minfo[39m|no-correlation-id| : [32mBackground: Created new Lead for visitor_id: test-visitor-999[39m { [[32mSymbol(level)[39m]: [32m'info'[39m }
2026-07-17T12:34:27.707Z|[32minfo[39m|no-correlation-id| : [32mBackground: Event page_view saved successfully for visitor_id: test-visitor-999[39m { [[32mSymbol(level)[39m]: [32m'info'[39m }
2026-07-17T12:34:27.708Z|[32minfo[39m|no-correlation-id| : [32mEntering identifyVisitor() controller.[39m { [[32mSymbol(level)[39m]: [32m'info'[39m }
2026-07-17T12:34:27.709Z|[32minfo[39m|no-correlation-id| : [32mProcessing IdentifyVisitorJob in background for visitor: test-visitor-999[39m { [[32mSymbol(level)[39m]: [32m'info'[39m }
2026-07-17T12:34:27.710Z|[32minfo[39m|no-correlation-id| : [32mBackground: Identified visitor: test-visitor-999 as Name: John Doe, Email: johndoe@example.com, Phone: +15551234567[39m { [[32mSymbol(level)[39m]: [32m'info'[39m }
2026-07-17T12:34:27.711Z|[32minfo[39m|no-correlation-id| : [32mBackground: Identity event saved successfully for visitor_id: test-visitor-999[39m { [[32mSymbol(level)[39m]: [32m'info'[39m }
2026-07-17T12:34:27.712Z|[32minfo[39m|no-correlation-id| : [32mProcessing SaveSessionRecordingJob in background for session: test-session-777[39m { [[32mSymbol(level)[39m]: [32m'info'[39m }
2026-07-17T12:34:27.714Z|[32minfo[39m|no-correlation-id| : [32mBackground: Session recording chunk saved/appended successfully for session: test-session-777[39m { [[32mSymbol(level)[39m]: [32m'info'[39m }
2026-07-17T12:34:27.714Z|[32minfo[39m|no-correlation-id| : [32mProcessing SaveSessionRecordingJob in background for session: test-session-777[39m { [[32mSymbol(level)[39m]: [32m'info'[39m }
2026-07-17T12:34:27.715Z|[32minfo[39m|no-correlation-id| : [32mBackground: Session recording chunk saved/appended successfully for session: test-session-777[39m { [[32mSymbol(level)[39m]: [32m'info'[39m }
2026-07-17T12:34:27.715Z|[32minfo[39m|no-correlation-id| : [32mEntering getSessionRecording() for session: test-session-777[39m { [[32mSymbol(level)[39m]: [32m'info'[39m }
2026-07-17T12:34:27.716Z|[32minfo[39m|no-correlation-id| : [32mEntering getStats() with token: 1a6750b1-4f06-4d00-9953-d10fbad1c5fb[39m { [[32mSymbol(level)[39m]: [32m'info'[39m }
